// Jest Snapshot v1, https://goo.gl/fbAQLP

exports[`Applet should fetch the manifest 1`] = `
<div>
  <main
    id="applet-Test"
  />
</div>
`;
